Component: ARM Compiler 5.06 update 2 (build 183) Tool: armlink [4d35b7]

==============================================================================

Section Cross References

    main.o(i.main) refers to lcd.o(i.InitLCD) for InitLCD
    main.o(i.main) refers to adc.o(i.ADC_Init) for ADC_Init
    main.o(i.main) refers to send.o(i.UART_Init) for UART_Init
    main.o(i.main) refers to key.o(i.SEGinit) for SEGinit
    main.o(i.main) refers to key.o(i.KEYinit) for KEYinit
    main.o(i.main) refers to key.o(i.BreakInit) for BreakInit
    main.o(i.main) refers to send.o(i.UART_SendStr) for UART_SendStr
    main.o(i.main) refers to lcd.o(i.LCD_DisplayStr) for LCD_DisplayStr
    main.o(i.main) refers to calculation.o(.bss) for mea
    adc.o(i.ADC_Init) refers to aeabi_sdiv.o(.text) for __aeabi_uidivmod
    adc.o(i.ADC_Init) refers to system_lpc11xx.o(.data) for SystemCoreClock
    send.o(i.UART_Init) refers to aeabi_sdiv.o(.text) for __aeabi_uidivmod
    send.o(i.UART_Init) refers to system_lpc11xx.o(.data) for SystemCoreClock
    send.o(i.UART_SendStr) refers to send.o(i.UART_SendByte) for UART_SendByte
    calculation.o(i.measure) refers to _printf_percent.o(.ARM.Collect$$_printf_percent$$00000000) for _printf_percent
    calculation.o(i.measure) refers to _printf_f.o(.ARM.Collect$$_printf_percent$$00000003) for _printf_f
    calculation.o(i.measure) refers to printf1.o(x$fpl$printf1) for _printf_fp_dec
    calculation.o(i.measure) refers to send.o(i.UART_Init) for UART_Init
    calculation.o(i.measure) refers to adc.o(i.ADC_Init) for ADC_Init
    calculation.o(i.measure) refers to aeabi_sdiv.o(.text) for __aeabi_uidivmod
    calculation.o(i.measure) refers to dflti.o(.text) for __aeabi_ui2d
    calculation.o(i.measure) refers to dmul.o(.text) for __aeabi_dmul
    calculation.o(i.measure) refers to daddsub.o(.text) for __aeabi_dadd
    calculation.o(i.measure) refers to dfixui.o(.text) for __aeabi_d2uiz
    calculation.o(i.measure) refers to noretval__2sprintf.o(.text) for __2sprintf
    calculation.o(i.measure) refers to calculation.o(.data) for T
    calculation.o(i.measure) refers to key.o(.data) for counter
    calculation.o(i.measure) refers to calculation.o(.bss) for mea
    key.o(i.PIONT1_TRQHandler) refers to key.o(.data) for counter
    lcd.o(i.Busy_Check) refers to lcd.o(i.Delayms) for Delayms
    lcd.o(i.Delayms) refers to lcd.o(.data) for ticks
    lcd.o(i.InitLCD) refers to lcd.o(i.LCD_IOInit) for LCD_IOInit
    lcd.o(i.InitLCD) refers to lcd.o(i.LCD_WriteCommand) for LCD_WriteCommand
    lcd.o(i.InitLCD) refers to lcd.o(i.Delayms) for Delayms
    lcd.o(i.LCD_DisplayChar) refers to lcd.o(i.LCD_WriteCommand) for LCD_WriteCommand
    lcd.o(i.LCD_DisplayChar) refers to lcd.o(i.LCD_WriteData) for LCD_WriteData
    lcd.o(i.LCD_DisplayStr) refers to lcd.o(i.LCD_WriteCommand) for LCD_WriteCommand
    lcd.o(i.LCD_DisplayStr) refers to lcd.o(i.LCD_WriteData) for LCD_WriteData
    lcd.o(i.LCD_WriteCommand) refers to lcd.o(i.Busy_Check) for Busy_Check
    lcd.o(i.LCD_WriteCommand) refers to lcd.o(i.Delayms) for Delayms
    lcd.o(i.LCD_WriteData) refers to lcd.o(i.Busy_Check) for Busy_Check
    lcd.o(i.LCD_WriteData) refers to lcd.o(i.Delayms) for Delayms
    lcd.o(i.SysTick_Handler) refers to lcd.o(.data) for ticks
    startup_lpc11xx.o(STACK) refers (Special) to heapauxi.o(.text) for __use_two_region_memory
    startup_lpc11xx.o(HEAP) refers (Special) to heapauxi.o(.text) for __use_two_region_memory
    startup_lpc11xx.o(RESET) refers (Special) to heapauxi.o(.text) for __use_two_region_memory
    startup_lpc11xx.o(RESET) refers to startup_lpc11xx.o(STACK) for __initial_sp
    startup_lpc11xx.o(RESET) refers to startup_lpc11xx.o(.text) for Reset_Handler
    startup_lpc11xx.o(RESET) refers to lcd.o(i.SysTick_Handler) for SysTick_Handler
    startup_lpc11xx.o(.ARM.__at_0x02FC) refers (Special) to heapauxi.o(.text) for __use_two_region_memory
    startup_lpc11xx.o(.text) refers (Special) to heapauxi.o(.text) for __use_two_region_memory
    startup_lpc11xx.o(.text) refers to system_lpc11xx.o(i.SystemInit) for SystemInit
    startup_lpc11xx.o(.text) refers to __main.o(!!!main) for __main
    startup_lpc11xx.o(.text) refers to startup_lpc11xx.o(HEAP) for Heap_Mem
    startup_lpc11xx.o(.text) refers to startup_lpc11xx.o(STACK) for Stack_Mem
    system_lpc11xx.o(i.SystemCoreClockUpdate) refers to system_lpc11xx.o(i.__ARM_common_switch8) for __ARM_common_switch8
    system_lpc11xx.o(i.SystemCoreClockUpdate) refers to aeabi_sdiv.o(.text) for __aeabi_uidivmod
    system_lpc11xx.o(i.SystemCoreClockUpdate) refers to system_lpc11xx.o(.data) for SystemCoreClock
    __2sprintf.o(.text) refers to _printf_char_common.o(.text) for _printf_char_common
    __2sprintf.o(.text) refers to _sputc.o(.text) for _sputc
    noretval__2sprintf.o(.text) refers to _printf_char_common.o(.text) for _printf_char_common
    noretval__2sprintf.o(.text) refers to _sputc.o(.text) for _sputc
    __printf.o(.text) refers to _printf_percent.o(.ARM.Collect$$_printf_percent$$00000000) for _printf_percent
    __printf_flags.o(.text) refers to _printf_percent.o(.ARM.Collect$$_printf_percent$$00000000) for _printf_percent
    __printf_flags.o(.text) refers to __printf_flags.o(.constdata) for .constdata
    __printf_ss.o(.text) refers to _printf_percent.o(.ARM.Collect$$_printf_percent$$00000000) for _printf_percent
    __printf_flags_ss.o(.text) refers to _printf_percent.o(.ARM.Collect$$_printf_percent$$00000000) for _printf_percent
    __printf_flags_ss.o(.text) refers to __printf_flags_ss.o(.constdata) for .constdata
    __printf_wp.o(.text) refers to __printf_wp.o(i._is_digit) for _is_digit
    __printf_wp.o(.text) refers to _printf_percent.o(.ARM.Collect$$_printf_percent$$00000000) for _printf_percent
    __printf_flags_wp.o(.text) refers to __printf_wp.o(i._is_digit) for _is_digit
    __printf_flags_wp.o(.text) refers to _printf_percent.o(.ARM.Collect$$_printf_percent$$00000000) for _printf_percent
    __printf_flags_wp.o(.text) refers to __printf_flags_wp.o(.constdata) for .constdata
    __printf_ss_wp.o(.text) refers to __printf_wp.o(i._is_digit) for _is_digit
    __printf_ss_wp.o(.text) refers to _printf_percent.o(.ARM.Collect$$_printf_percent$$00000000) for _printf_percent
    __printf_flags_ss_wp.o(.text) refers to __printf_wp.o(i._is_digit) for _is_digit
    __printf_flags_ss_wp.o(.text) refers to _printf_percent.o(.ARM.Collect$$_printf_percent$$00000000) for _printf_percent
    __printf_flags_ss_wp.o(.text) refers to __printf_flags_ss_wp.o(.constdata) for .constdata
    _printf_f.o(.ARM.Collect$$_printf_percent$$00000003) refers (Weak) to printf1.o(x$fpl$printf1) for _printf_fp_dec
    _printf_percent.o(.ARM.Collect$$_printf_percent$$00000000) refers (Special) to _printf_percent_end.o(.ARM.Collect$$_printf_percent$$00000017) for _printf_percent_end
    __main.o(!!!main) refers to __rtentry.o(.ARM.Collect$$rtentry$$00000000) for __rt_entry
    daddsub.o(.text) refers (Special) to usenofp.o(x$fpl$usenofp) for __I$use$fp
    dfixui.o(.text) refers (Special) to usenofp.o(x$fpl$usenofp) for __I$use$fp
    dflti.o(.text) refers (Special) to usenofp.o(x$fpl$usenofp) for __I$use$fp
    dmul.o(.text) refers (Special) to usenofp.o(x$fpl$usenofp) for __I$use$fp
    printf1.o(x$fpl$printf1) refers to _printf_fp_dec.o(.text) for _printf_fp_dec_real
    __rtentry.o(.ARM.Collect$$rtentry$$00000000) refers (Special) to __rtentry2.o(.ARM.Collect$$rtentry$$0000000A) for __rt_entry_li
    __rtentry.o(.ARM.Collect$$rtentry$$00000000) refers (Special) to __rtentry2.o(.ARM.Collect$$rtentry$$0000000D) for __rt_entry_main
    __rtentry.o(.ARM.Collect$$rtentry$$00000000) refers (Special) to __rtentry2.o(.ARM.Collect$$rtentry$$0000000C) for __rt_entry_postli_1
    __rtentry.o(.ARM.Collect$$rtentry$$00000000) refers (Special) to __rtentry2.o(.ARM.Collect$$rtentry$$00000009) for __rt_entry_postsh_1
    __rtentry.o(.ARM.Collect$$rtentry$$00000000) refers (Special) to __rtentry2.o(.ARM.Collect$$rtentry$$00000002) for __rt_entry_presh_1
    __rtentry.o(.ARM.Collect$$rtentry$$00000000) refers (Special) to __rtentry4.o(.ARM.Collect$$rtentry$$00000004) for __rt_entry_sh
    aeabi_idiv0_sigfpe.o(.text) refers to rt_div0.o(.text) for __rt_div0
    _printf_fp_dec.o(.text) refers (Special) to usenofp.o(x$fpl$usenofp) for __I$use$fp
    _printf_fp_dec.o(.text) refers (Special) to lc_numeric_c.o(locale$$code) for _get_lc_numeric
    _printf_fp_dec.o(.text) refers to bigflt0.o(.text) for _btod_etento
    _printf_fp_dec.o(.text) refers to btod.o(.text) for _btod_d2e
    _printf_fp_dec.o(.text) refers to lludiv10.o(.text) for _ll_udiv10
    _printf_fp_dec.o(.text) refers to fpclassify.o(i.__ARM_fpclassify) for __ARM_fpclassify
    _printf_fp_dec.o(.text) refers to _printf_fp_infnan.o(.text) for _printf_fp_infnan
    _printf_fp_dec.o(.text) refers to rtudiv10.o(.text) for __rt_udiv10
    _printf_fp_dec.o(.text) refers to rt_locale_intlibspace.o(.text) for __rt_locale
    _printf_char_common.o(.text) refers to __printf_wp.o(.text) for __printf
    __rtentry2.o(.ARM.Collect$$rtentry$$00000008) refers to boardinit2.o(.text) for _platform_post_stackheap_init
    __rtentry2.o(.ARM.Collect$$rtentry$$0000000A) refers to libinit.o(.ARM.Collect$$libinit$$00000000) for __rt_lib_init
    __rtentry2.o(.ARM.Collect$$rtentry$$0000000B) refers to boardinit3.o(.text) for _platform_post_lib_init
    __rtentry2.o(.ARM.Collect$$rtentry$$0000000D) refers to main.o(i.main) for main
    __rtentry2.o(.ARM.Collect$$rtentry$$0000000D) refers to exit.o(.text) for exit
    __rtentry2.o(.ARM.exidx) refers to __rtentry2.o(.ARM.Collect$$rtentry$$00000001) for .ARM.Collect$$rtentry$$00000001
    __rtentry2.o(.ARM.exidx) refers to __rtentry2.o(.ARM.Collect$$rtentry$$00000008) for .ARM.Collect$$rtentry$$00000008
    __rtentry2.o(.ARM.exidx) refers to __rtentry2.o(.ARM.Collect$$rtentry$$0000000A) for .ARM.Collect$$rtentry$$0000000A
    __rtentry2.o(.ARM.exidx) refers to __rtentry2.o(.ARM.Collect$$rtentry$$0000000B) for .ARM.Collect$$rtentry$$0000000B
    __rtentry2.o(.ARM.exidx) refers to __rtentry2.o(.ARM.Collect$$rtentry$$0000000D) for .ARM.Collect$$rtentry$$0000000D
    __rtentry4.o(.ARM.Collect$$rtentry$$00000004) refers to sys_stackheap_outer.o(.text) for __user_setup_stackheap
    __rtentry4.o(.ARM.exidx) refers to __rtentry4.o(.ARM.Collect$$rtentry$$00000004) for .ARM.Collect$$rtentry$$00000004
    rt_div0.o(.text) refers to defsig_fpe_outer.o(.text) for __rt_SIGFPE
    rt_locale.o(.text) refers to rt_locale.o(.bss) for __rt_locale_data
    rt_locale_intlibspace.o(.text) refers to libspace.o(.bss) for __libspace_start
    bigflt0.o(.text) refers (Special) to usenofp.o(x$fpl$usenofp) for __I$use$fp
    bigflt0.o(.text) refers to aeabi_sdiv.o(.text) for __aeabi_idivmod
    bigflt0.o(.text) refers to btod.o(.text) for _btod_emul
    bigflt0.o(.text) refers to bigflt0.o(.constdata) for .constdata
    bigflt0.o(.constdata) refers (Special) to usenofp.o(x$fpl$usenofp) for __I$use$fp
    btod.o(.text) refers to btod.o(i.__ARM_common_ll_muluu) for __ARM_common_ll_muluu
    lc_numeric_c.o(locale$$data) refers (Special) to libinit2.o(.ARM.Collect$$libinit$$00000016) for __rt_lib_init_lc_numeric_2
    lc_numeric_c.o(locale$$code) refers (Special) to libinit2.o(.ARM.Collect$$libinit$$00000016) for __rt_lib_init_lc_numeric_2
    lc_numeric_c.o(locale$$code) refers to strcmp.o(.text) for strcmp
    lc_numeric_c.o(locale$$code) refers to lc_numeric_c.o(locale$$data) for __lcnum_c_name
    ieee_status.o(.text) refers (Special) to usenofp.o(x$fpl$usenofp) for __I$use$fp
    fpclassify.o(i.__ARM_fpclassify) refers (Special) to usenofp.o(x$fpl$usenofp) for __I$use$fp
    libspace.o(.text) refers to libspace.o(.bss) for __libspace_start
    sys_stackheap_outer.o(.text) refers to libspace.o(.text) for __user_perproc_libspace
    sys_stackheap_outer.o(.text) refers to startup_lpc11xx.o(.text) for __user_initial_stackheap
    sys_stackheap_outer.o(__vectab_stack_and_reset_area) refers to tempstk.o(.text) for __temporary_stack_top
    sys_stackheap_outer.o(__vectab_stack_and_reset_area) refers to __main.o(!!!main) for __main
    exit.o(.text) refers to rtexit.o(.ARM.Collect$$rtexit$$00000000) for __rt_exit
    defsig_fpe_outer.o(.text) refers to defsig_fpe_inner.o(.text) for __rt_SIGFPE_inner
    defsig_fpe_outer.o(.text) refers to defsig_exit.o(.text) for __sig_exit
    defsig_fpe_formal.o(.text) refers to rt_raise.o(.text) for __rt_raise
    libinit.o(.ARM.Collect$$libinit$$00000000) refers (Special) to libinit2.o(.ARM.Collect$$libinit$$0000002E) for __rt_lib_init_alloca_1
    libinit.o(.ARM.Collect$$libinit$$00000000) refers (Special) to libinit2.o(.ARM.Collect$$libinit$$0000002C) for __rt_lib_init_argv_1
    libinit.o(.ARM.Collect$$libinit$$00000000) refers (Special) to libinit2.o(.ARM.Collect$$libinit$$0000001B) for __rt_lib_init_atexit_1
    libinit.o(.ARM.Collect$$libinit$$00000000) refers (Special) to libinit2.o(.ARM.Collect$$libinit$$00000021) for __rt_lib_init_clock_1
    libinit.o(.ARM.Collect$$libinit$$00000000) refers (Special) to libinit2.o(.ARM.Collect$$libinit$$00000032) for __rt_lib_init_cpp_1
    libinit.o(.ARM.Collect$$libinit$$00000000) refers (Special) to libinit2.o(.ARM.Collect$$libinit$$00000030) for __rt_lib_init_exceptions_1
    libinit.o(.ARM.Collect$$libinit$$00000000) refers (Special) to libinit2.o(.ARM.Collect$$libinit$$00000002) for __rt_lib_init_fp_1
    libinit.o(.ARM.Collect$$libinit$$00000000) refers (Special) to libinit2.o(.ARM.Collect$$libinit$$0000001F) for __rt_lib_init_fp_trap_1
    libinit.o(.ARM.Collect$$libinit$$00000000) refers (Special) to libinit2.o(.ARM.Collect$$libinit$$00000023) for __rt_lib_init_getenv_1
    libinit.o(.ARM.Collect$$libinit$$00000000) refers (Special) to libinit2.o(.ARM.Collect$$libinit$$0000000A) for __rt_lib_init_heap_1
    libinit.o(.ARM.Collect$$libinit$$00000000) refers (Special) to libinit2.o(.ARM.Collect$$libinit$$00000011) for __rt_lib_init_lc_collate_1
    libinit.o(.ARM.Collect$$libinit$$00000000) refers (Special) to libinit2.o(.ARM.Collect$$libinit$$00000013) for __rt_lib_init_lc_ctype_1
    libinit.o(.ARM.Collect$$libinit$$00000000) refers (Special) to libinit2.o(.ARM.Collect$$libinit$$00000015) for __rt_lib_init_lc_monetary_1
    libinit.o(.ARM.Collect$$libinit$$00000000) refers (Special) to libinit2.o(.ARM.Collect$$libinit$$00000017) for __rt_lib_init_lc_numeric_1
    libinit.o(.ARM.Collect$$libinit$$00000000) refers (Special) to libinit2.o(.ARM.Collect$$libinit$$00000019) for __rt_lib_init_lc_time_1
    libinit.o(.ARM.Collect$$libinit$$00000000) refers (Special) to libinit2.o(.ARM.Collect$$libinit$$00000004) for __rt_lib_init_preinit_1
    libinit.o(.ARM.Collect$$libinit$$00000000) refers (Special) to libinit2.o(.ARM.Collect$$libinit$$0000000E) for __rt_lib_init_rand_1
    libinit.o(.ARM.Collect$$libinit$$00000000) refers (Special) to libinit2.o(.ARM.Collect$$libinit$$00000033) for __rt_lib_init_return
    libinit.o(.ARM.Collect$$libinit$$00000000) refers (Special) to libinit2.o(.ARM.Collect$$libinit$$0000001D) for __rt_lib_init_signal_1
    libinit.o(.ARM.Collect$$libinit$$00000000) refers (Special) to libinit2.o(.ARM.Collect$$libinit$$00000025) for __rt_lib_init_stdio_1
    libinit.o(.ARM.Collect$$libinit$$00000000) refers (Special) to libinit2.o(.ARM.Collect$$libinit$$0000000C) for __rt_lib_init_user_alloc_1
    libinit2.o(.ARM.Collect$$libinit$$0000000F) refers (Weak) to rt_locale_intlibspace.o(.text) for __rt_locale
    libinit2.o(.ARM.Collect$$libinit$$00000010) refers to libinit2.o(.ARM.Collect$$libinit$$0000000F) for .ARM.Collect$$libinit$$0000000F
    libinit2.o(.ARM.Collect$$libinit$$00000012) refers to libinit2.o(.ARM.Collect$$libinit$$0000000F) for .ARM.Collect$$libinit$$0000000F
    libinit2.o(.ARM.Collect$$libinit$$00000014) refers to libinit2.o(.ARM.Collect$$libinit$$0000000F) for .ARM.Collect$$libinit$$0000000F
    libinit2.o(.ARM.Collect$$libinit$$00000016) refers to libinit2.o(.ARM.Collect$$libinit$$0000000F) for .ARM.Collect$$libinit$$0000000F
    libinit2.o(.ARM.Collect$$libinit$$00000016) refers (Weak) to lc_numeric_c.o(locale$$code) for _get_lc_numeric
    libinit2.o(.ARM.Collect$$libinit$$00000018) refers to libinit2.o(.ARM.Collect$$libinit$$0000000F) for .ARM.Collect$$libinit$$0000000F
    libinit2.o(.ARM.Collect$$libinit$$00000026) refers to argv_veneer.o(.text) for __ARM_argv_veneer
    libinit2.o(.ARM.Collect$$libinit$$00000027) refers to argv_veneer.o(.text) for __ARM_argv_veneer
    rtexit.o(.ARM.Collect$$rtexit$$00000000) refers (Special) to rtexit2.o(.ARM.Collect$$rtexit$$00000004) for __rt_exit_exit
    rtexit.o(.ARM.Collect$$rtexit$$00000000) refers (Special) to rtexit2.o(.ARM.Collect$$rtexit$$00000003) for __rt_exit_ls
    rtexit.o(.ARM.Collect$$rtexit$$00000000) refers (Special) to rtexit2.o(.ARM.Collect$$rtexit$$00000002) for __rt_exit_prels_1
    rtexit.o(.ARM.exidx) refers (Special) to rtexit2.o(.ARM.Collect$$rtexit$$00000004) for __rt_exit_exit
    rtexit.o(.ARM.exidx) refers (Special) to rtexit2.o(.ARM.Collect$$rtexit$$00000003) for __rt_exit_ls
    rtexit.o(.ARM.exidx) refers (Special) to rtexit2.o(.ARM.Collect$$rtexit$$00000002) for __rt_exit_prels_1
    rtexit.o(.ARM.exidx) refers to rtexit.o(.ARM.Collect$$rtexit$$00000000) for .ARM.Collect$$rtexit$$00000000
    rt_raise.o(.text) refers to __raise.o(.text) for __raise
    rt_raise.o(.text) refers to sys_exit.o(.text) for _sys_exit
    defsig_exit.o(.text) refers to sys_exit.o(.text) for _sys_exit
    defsig_fpe_inner.o(.text) refers to defsig_general.o(.text) for __default_signal_display
    sys_exit.o(.text) refers (Special) to use_no_semi.o(.text) for __I$use$semihosting
    sys_exit.o(.text) refers (Special) to indicate_semi.o(.text) for __semihosting_library_function
    rtexit2.o(.ARM.Collect$$rtexit$$00000003) refers to libshutdown.o(.ARM.Collect$$libshutdown$$00000000) for __rt_lib_shutdown
    rtexit2.o(.ARM.Collect$$rtexit$$00000004) refers to sys_exit.o(.text) for _sys_exit
    rtexit2.o(.ARM.exidx) refers to rtexit2.o(.ARM.Collect$$rtexit$$00000001) for .ARM.Collect$$rtexit$$00000001
    rtexit2.o(.ARM.exidx) refers to rtexit2.o(.ARM.Collect$$rtexit$$00000003) for .ARM.Collect$$rtexit$$00000003
    rtexit2.o(.ARM.exidx) refers to rtexit2.o(.ARM.Collect$$rtexit$$00000004) for .ARM.Collect$$rtexit$$00000004
    __raise.o(.text) refers to defsig.o(CL$$defsig) for __default_signal_handler
    defsig_general.o(.text) refers to sys_wrch.o(.text) for _ttywrch
    _get_argv_nomalloc.o(.text) refers (Special) to hrguard.o(.text) for __heap_region$guard
    _get_argv_nomalloc.o(.text) refers to defsig_rtmem_outer.o(.text) for __rt_SIGRTMEM
    _get_argv_nomalloc.o(.text) refers to sys_command.o(.text) for _sys_command_string
    sys_wrch.o(.text) refers (Special) to use_no_semi.o(.text) for __I$use$semihosting
    sys_wrch.o(.text) refers (Special) to indicate_semi.o(.text) for __semihosting_library_function
    sys_command.o(.text) refers (Special) to use_no_semi.o(.text) for __I$use$semihosting
    sys_command.o(.text) refers (Special) to indicate_semi.o(.text) for __semihosting_library_function
    defsig_rtmem_outer.o(.text) refers to defsig_rtmem_inner.o(.text) for __rt_SIGRTMEM_inner
    defsig_rtmem_outer.o(.text) refers to defsig_exit.o(.text) for __sig_exit
    defsig_rtmem_formal.o(.text) refers to rt_raise.o(.text) for __rt_raise
    defsig.o(CL$$defsig) refers to defsig_fpe_inner.o(.text) for __rt_SIGFPE_inner
    defsig.o(CL$$defsig) refers to defsig_rtmem_inner.o(.text) for __rt_SIGRTMEM_inner
    libshutdown.o(.ARM.Collect$$libshutdown$$00000000) refers (Special) to libshutdown2.o(.ARM.Collect$$libshutdown$$00000002) for __rt_lib_shutdown_cpp_1
    libshutdown.o(.ARM.Collect$$libshutdown$$00000000) refers (Special) to libshutdown2.o(.ARM.Collect$$libshutdown$$00000007) for __rt_lib_shutdown_fp_trap_1
    libshutdown.o(.ARM.Collect$$libshutdown$$00000000) refers (Special) to libshutdown2.o(.ARM.Collect$$libshutdown$$0000000F) for __rt_lib_shutdown_heap_1
    libshutdown.o(.ARM.Collect$$libshutdown$$00000000) refers (Special) to libshutdown2.o(.ARM.Collect$$libshutdown$$00000010) for __rt_lib_shutdown_return
    libshutdown.o(.ARM.Collect$$libshutdown$$00000000) refers (Special) to libshutdown2.o(.ARM.Collect$$libshutdown$$0000000A) for __rt_lib_shutdown_signal_1
    libshutdown.o(.ARM.Collect$$libshutdown$$00000000) refers (Special) to libshutdown2.o(.ARM.Collect$$libshutdown$$00000004) for __rt_lib_shutdown_stdio_1
    libshutdown.o(.ARM.Collect$$libshutdown$$00000000) refers (Special) to libshutdown2.o(.ARM.Collect$$libshutdown$$0000000C) for __rt_lib_shutdown_user_alloc_1
    defsig_abrt_inner.o(.text) refers to defsig_general.o(.text) for __default_signal_display
    defsig_rtred_inner.o(.text) refers to defsig_general.o(.text) for __default_signal_display
    defsig_rtmem_inner.o(.text) refers to defsig_general.o(.text) for __default_signal_display
    defsig_stak_inner.o(.text) refers to defsig_general.o(.text) for __default_signal_display
    defsig_pvfn_inner.o(.text) refers to defsig_general.o(.text) for __default_signal_display
    defsig_cppl_inner.o(.text) refers to defsig_general.o(.text) for __default_signal_display
    defsig_segv_inner.o(.text) refers to defsig_general.o(.text) for __default_signal_display
    defsig_other.o(.text) refers to defsig_general.o(.text) for __default_signal_display


==============================================================================

Removing Unused input sections from the image.

    Removing main.o(.rev16_text), (4 bytes).
    Removing main.o(.revsh_text), (4 bytes).
    Removing adc.o(.rev16_text), (4 bytes).
    Removing adc.o(.revsh_text), (4 bytes).
    Removing send.o(.rev16_text), (4 bytes).
    Removing send.o(.revsh_text), (4 bytes).
    Removing send.o(i.Delay), (32 bytes).
    Removing calculation.o(.rev16_text), (4 bytes).
    Removing calculation.o(.revsh_text), (4 bytes).
    Removing calculation.o(i.measure), (604 bytes).
    Removing calculation.o(.data), (4 bytes).
    Removing key.o(.rev16_text), (4 bytes).
    Removing key.o(.revsh_text), (4 bytes).
    Removing key.o(i.PIONT1_TRQHandler), (68 bytes).
    Removing key.o(.data), (1 bytes).
    Removing lcd.o(.rev16_text), (4 bytes).
    Removing lcd.o(.revsh_text), (4 bytes).
    Removing lcd.o(i.LCD_DisplayChar), (48 bytes).
    Removing system_lpc11xx.o(.rev16_text), (4 bytes).
    Removing system_lpc11xx.o(.revsh_text), (4 bytes).
    Removing system_lpc11xx.o(i.SystemCoreClockUpdate), (440 bytes).
    Removing system_lpc11xx.o(i.__ARM_common_switch8), (28 bytes).

22 unused section(s) (total 1281 bytes) removed from the image.

==============================================================================

Image Symbol Table

    Local Symbols

    Symbol Name                              Value     Ov Type        Size  Object(Section)

    RESET                                    0x00000000   Section      192  startup_lpc11xx.o(RESET)
    ../clib/angel/boardlib.s                 0x00000000   Number         0  boardshut.o ABSOLUTE
    ../clib/angel/boardlib.s                 0x00000000   Number         0  boardinit1.o ABSOLUTE
    ../clib/angel/boardlib.s                 0x00000000   Number         0  boardinit3.o ABSOLUTE
    ../clib/angel/boardlib.s                 0x00000000   Number         0  boardinit2.o ABSOLUTE
    ../clib/angel/handlers.s                 0x00000000   Number         0  __scatter_copy.o ABSOLUTE
    ../clib/angel/handlers.s                 0x00000000   Number         0  __scatter_zi.o ABSOLUTE
    ../clib/angel/kernel.s                   0x00000000   Number         0  rtexit2.o ABSOLUTE
    ../clib/angel/kernel.s                   0x00000000   Number         0  __rtentry.o ABSOLUTE
    ../clib/angel/kernel.s                   0x00000000   Number         0  __rtentry4.o ABSOLUTE
    ../clib/angel/kernel.s                   0x00000000   Number         0  __rtentry2.o ABSOLUTE
    ../clib/angel/kernel.s                   0x00000000   Number         0  rtexit.o ABSOLUTE
    ../clib/angel/rt.s                       0x00000000   Number         0  rt_locale_intlibspace.o ABSOLUTE
    ../clib/angel/rt.s                       0x00000000   Number         0  rt_locale.o ABSOLUTE
    ../clib/angel/rt.s                       0x00000000   Number         0  rt_div0.o ABSOLUTE
    ../clib/angel/rt.s                       0x00000000   Number         0  aeabi_idiv0.o ABSOLUTE
    ../clib/angel/rt.s                       0x00000000   Number         0  aeabi_idiv0_sigfpe.o ABSOLUTE
    ../clib/angel/rt.s                       0x00000000   Number         0  rt_raise.o ABSOLUTE
    ../clib/angel/scatterp.s                 0x00000000   Number         0  __scatter.o ABSOLUTE
    ../clib/angel/startup.s                  0x00000000   Number         0  __main.o ABSOLUTE
    ../clib/angel/sys.s                      0x00000000   Number         0  use_no_semi.o ABSOLUTE
    ../clib/angel/sys.s                      0x00000000   Number         0  tempstk.o ABSOLUTE
    ../clib/angel/sys.s                      0x00000000   Number         0  libspace.o ABSOLUTE
    ../clib/angel/sys.s                      0x00000000   Number         0  sys_stackheap_outer.o ABSOLUTE
    ../clib/angel/sys.s                      0x00000000   Number         0  indicate_semi.o ABSOLUTE
    ../clib/angel/sysapp.c                   0x00000000   Number         0  sys_exit.o ABSOLUTE
    ../clib/angel/sysapp.c                   0x00000000   Number         0  sys_wrch.o ABSOLUTE
    ../clib/angel/sysapp.c                   0x00000000   Number         0  sys_command.o ABSOLUTE
    ../clib/armsys.c                         0x00000000   Number         0  _get_argv_nomalloc.o ABSOLUTE
    ../clib/armsys.c                         0x00000000   Number         0  no_argv.o ABSOLUTE
    ../clib/armsys.c                         0x00000000   Number         0  argv_veneer.o ABSOLUTE
    ../clib/bigflt.c                         0x00000000   Number         0  bigflt0.o ABSOLUTE
    ../clib/btod.c                           0x00000000   Number         0  btod.o ABSOLUTE
    ../clib/division.c                       0x00000000   Number         0  rtudiv10.o ABSOLUTE
    ../clib/division.c                       0x00000000   Number         0  lludiv10.o ABSOLUTE
    ../clib/division.s                       0x00000000   Number         0  aeabi_sdiv.o ABSOLUTE
    ../clib/division.s                       0x00000000   Number         0  aeabi_sdiv_div0.o ABSOLUTE
    ../clib/heapalloc.c                      0x00000000   Number         0  hrguard.o ABSOLUTE
    ../clib/heapaux.c                        0x00000000   Number         0  heapauxi.o ABSOLUTE
    ../clib/libinit.s                        0x00000000   Number         0  libshutdown2.o ABSOLUTE
    ../clib/libinit.s                        0x00000000   Number         0  libshutdown.o ABSOLUTE
    ../clib/libinit.s                        0x00000000   Number         0  libinit2.o ABSOLUTE
    ../clib/libinit.s                        0x00000000   Number         0  libinit.o ABSOLUTE
    ../clib/locale.s                         0x00000000   Number         0  lc_numeric_c.o ABSOLUTE
    ../clib/misc.s                           0x00000000   Number         0  printf_stubs.o ABSOLUTE
    ../clib/printf.c                         0x00000000   Number         0  __printf_nopercent.o ABSOLUTE
    ../clib/printf.c                         0x00000000   Number         0  __2sprintf.o ABSOLUTE
    ../clib/printf.c                         0x00000000   Number         0  noretval__2sprintf.o ABSOLUTE
    ../clib/printf.c                         0x00000000   Number         0  __printf_flags.o ABSOLUTE
    ../clib/printf.c                         0x00000000   Number         0  __printf_ss.o ABSOLUTE
    ../clib/printf.c                         0x00000000   Number         0  __printf_flags_ss.o ABSOLUTE
    ../clib/printf.c                         0x00000000   Number         0  __printf_wp.o ABSOLUTE
    ../clib/printf.c                         0x00000000   Number         0  __printf_flags_wp.o ABSOLUTE
    ../clib/printf.c                         0x00000000   Number         0  __printf_ss_wp.o ABSOLUTE
    ../clib/printf.c                         0x00000000   Number         0  __printf_flags_ss_wp.o ABSOLUTE
    ../clib/printf.c                         0x00000000   Number         0  _printf_fp_dec.o ABSOLUTE
    ../clib/printf.c                         0x00000000   Number         0  _printf_char_common.o ABSOLUTE
    ../clib/printf.c                         0x00000000   Number         0  _sputc.o ABSOLUTE
    ../clib/printf.c                         0x00000000   Number         0  __printf.o ABSOLUTE
    ../clib/printf.c                         0x00000000   Number         0  _printf_fp_infnan.o ABSOLUTE
    ../clib/printf_percent.s                 0x00000000   Number         0  _printf_percent_end.o ABSOLUTE
    ../clib/printf_percent.s                 0x00000000   Number         0  _printf_f.o ABSOLUTE
    ../clib/printf_percent.s                 0x00000000   Number         0  _printf_percent.o ABSOLUTE
    ../clib/signal.c                         0x00000000   Number         0  defsig_fpe_outer.o ABSOLUTE
    ../clib/signal.c                         0x00000000   Number         0  __raise.o ABSOLUTE
    ../clib/signal.c                         0x00000000   Number         0  defsig_fpe_formal.o ABSOLUTE
    ../clib/signal.c                         0x00000000   Number         0  defsig_general.o ABSOLUTE
    ../clib/signal.c                         0x00000000   Number         0  defsig_rtmem_formal.o ABSOLUTE
    ../clib/signal.c                         0x00000000   Number         0  defsig_rtmem_outer.o ABSOLUTE
    ../clib/signal.c                         0x00000000   Number         0  defsig_abrt_inner.o ABSOLUTE
    ../clib/signal.c                         0x00000000   Number         0  defsig_rtred_inner.o ABSOLUTE
    ../clib/signal.c                         0x00000000   Number         0  defsig_rtmem_inner.o ABSOLUTE
    ../clib/signal.c                         0x00000000   Number         0  defsig_stak_inner.o ABSOLUTE
    ../clib/signal.c                         0x00000000   Number         0  defsig_pvfn_inner.o ABSOLUTE
    ../clib/signal.c                         0x00000000   Number         0  defsig_cppl_inner.o ABSOLUTE
    ../clib/signal.c                         0x00000000   Number         0  defsig_segv_inner.o ABSOLUTE
    ../clib/signal.c                         0x00000000   Number         0  defsig_exit.o ABSOLUTE
    ../clib/signal.c                         0x00000000   Number         0  defsig_fpe_inner.o ABSOLUTE
    ../clib/signal.c                         0x00000000   Number         0  defsig_other.o ABSOLUTE
    ../clib/signal.s                         0x00000000   Number         0  defsig.o ABSOLUTE
    ../clib/stdlib.c                         0x00000000   Number         0  exit.o ABSOLUTE
    ../clib/string.c                         0x00000000   Number         0  strcmp.o ABSOLUTE
    ../fplib/cfplib/daddsub.c                0x00000000   Number         0  daddsub.o ABSOLUTE
    ../fplib/cfplib/dmul.c                   0x00000000   Number         0  dmul.o ABSOLUTE
    ../fplib/cfplib/ffix.c                   0x00000000   Number         0  dfixui.o ABSOLUTE
    ../fplib/cfplib/fflt.c                   0x00000000   Number         0  dflti.o ABSOLUTE
    ../fplib/cfplib/fpinit.c                 0x00000000   Number         0  fpinit.o ABSOLUTE
    ../fplib/cfplib/ieee_status.c            0x00000000   Number         0  ieee_status.o ABSOLUTE
    ../fplib/printf1.s                       0x00000000   Number         0  printf1.o ABSOLUTE
    ../fplib/usenofp.s                       0x00000000   Number         0  usenofp.o ABSOLUTE
    ../mathlib/fpclassify.c                  0x00000000   Number         0  fpclassify.o ABSOLUTE
    ..\\src\\ADC.c                           0x00000000   Number         0  adc.o ABSOLUTE
    ..\\src\\Calculation.c                   0x00000000   Number         0  calculation.o ABSOLUTE
    ..\\src\\LCD.c                           0x00000000   Number         0  lcd.o ABSOLUTE
    ..\\src\\key.c                           0x00000000   Number         0  key.o ABSOLUTE
    ..\\src\\main.c                          0x00000000   Number         0  main.o ABSOLUTE
    ..\\src\\send.c                          0x00000000   Number         0  send.o ABSOLUTE
    ..\src\ADC.c                             0x00000000   Number         0  adc.o ABSOLUTE
    ..\src\Calculation.c                     0x00000000   Number         0  calculation.o ABSOLUTE
    ..\src\LCD.c                             0x00000000   Number         0  lcd.o ABSOLUTE
    ..\src\key.c                             0x00000000   Number         0  key.o ABSOLUTE
    ..\src\main.c                            0x00000000   Number         0  main.o ABSOLUTE
    ..\src\send.c                            0x00000000   Number         0  send.o ABSOLUTE
    RTE\Device\LPC1114FBD48_301\startup_LPC11xx.s 0x00000000   Number         0  startup_lpc11xx.o ABSOLUTE
    RTE\Device\LPC1114FBD48_301\system_LPC11xx.c 0x00000000   Number         0  system_lpc11xx.o ABSOLUTE
    RTE\\Device\\LPC1114FBD48_301\\system_LPC11xx.c 0x00000000   Number         0  system_lpc11xx.o ABSOLUTE
    dc.s                                     0x00000000   Number         0  dc.o ABSOLUTE
    !!!main                                  0x000000c0   Section        8  __main.o(!!!main)
    !!!scatter                               0x000000c8   Section       60  __scatter.o(!!!scatter)
    !!handler_copy                           0x00000104   Section       26  __scatter_copy.o(!!handler_copy)
    !!handler_zi                             0x00000120   Section       28  __scatter_zi.o(!!handler_zi)
    .ARM.Collect$$libinit$$00000000          0x0000013c   Section        2  libinit.o(.ARM.Collect$$libinit$$00000000)
    .ARM.Collect$$libinit$$00000002          0x0000013e   Section        0  libinit2.o(.ARM.Collect$$libinit$$00000002)
    .ARM.Collect$$libinit$$00000004          0x0000013e   Section        0  libinit2.o(.ARM.Collect$$libinit$$00000004)
    .ARM.Collect$$libinit$$0000000A          0x0000013e   Section        0  libinit2.o(.ARM.Collect$$libinit$$0000000A)
    .ARM.Collect$$libinit$$0000000C          0x0000013e   Section        0  libinit2.o(.ARM.Collect$$libinit$$0000000C)
    .ARM.Collect$$libinit$$0000000E          0x0000013e   Section        0  libinit2.o(.ARM.Collect$$libinit$$0000000E)
    .ARM.Collect$$libinit$$00000011          0x0000013e   Section        0  libinit2.o(.ARM.Collect$$libinit$$00000011)
    .ARM.Collect$$libinit$$00000013          0x0000013e   Section        0  libinit2.o(.ARM.Collect$$libinit$$00000013)
    .ARM.Collect$$libinit$$00000015          0x0000013e   Section        0  libinit2.o(.ARM.Collect$$libinit$$00000015)
    .ARM.Collect$$libinit$$00000017          0x0000013e   Section        0  libinit2.o(.ARM.Collect$$libinit$$00000017)
    .ARM.Collect$$libinit$$00000019          0x0000013e   Section        0  libinit2.o(.ARM.Collect$$libinit$$00000019)
    .ARM.Collect$$libinit$$0000001B          0x0000013e   Section        0  libinit2.o(.ARM.Collect$$libinit$$0000001B)
    .ARM.Collect$$libinit$$0000001D          0x0000013e   Section        0  libinit2.o(.ARM.Collect$$libinit$$0000001D)
    .ARM.Collect$$libinit$$0000001F          0x0000013e   Section        0  libinit2.o(.ARM.Collect$$libinit$$0000001F)
    .ARM.Collect$$libinit$$00000021          0x0000013e   Section        0  libinit2.o(.ARM.Collect$$libinit$$00000021)
    .ARM.Collect$$libinit$$00000023          0x0000013e   Section        0  libinit2.o(.ARM.Collect$$libinit$$00000023)
    .ARM.Collect$$libinit$$00000025          0x0000013e   Section        0  libinit2.o(.ARM.Collect$$libinit$$00000025)
    .ARM.Collect$$libinit$$0000002C          0x0000013e   Section        0  libinit2.o(.ARM.Collect$$libinit$$0000002C)
    .ARM.Collect$$libinit$$0000002E          0x0000013e   Section        0  libinit2.o(.ARM.Collect$$libinit$$0000002E)
    .ARM.Collect$$libinit$$00000030          0x0000013e   Section        0  libinit2.o(.ARM.Collect$$libinit$$00000030)
    .ARM.Collect$$libinit$$00000032          0x0000013e   Section        0  libinit2.o(.ARM.Collect$$libinit$$00000032)
    .ARM.Collect$$libinit$$00000033          0x0000013e   Section        2  libinit2.o(.ARM.Collect$$libinit$$00000033)
    .ARM.Collect$$libshutdown$$00000000      0x00000140   Section        2  libshutdown.o(.ARM.Collect$$libshutdown$$00000000)
    .ARM.Collect$$libshutdown$$00000002      0x00000142   Section        0  libshutdown2.o(.ARM.Collect$$libshutdown$$00000002)
    .ARM.Collect$$libshutdown$$00000004      0x00000142   Section        0  libshutdown2.o(.ARM.Collect$$libshutdown$$00000004)
    .ARM.Collect$$libshutdown$$00000007      0x00000142   Section        0  libshutdown2.o(.ARM.Collect$$libshutdown$$00000007)
    .ARM.Collect$$libshutdown$$0000000A      0x00000142   Section        0  libshutdown2.o(.ARM.Collect$$libshutdown$$0000000A)
    .ARM.Collect$$libshutdown$$0000000C      0x00000142   Section        0  libshutdown2.o(.ARM.Collect$$libshutdown$$0000000C)
    .ARM.Collect$$libshutdown$$0000000F      0x00000142   Section        0  libshutdown2.o(.ARM.Collect$$libshutdown$$0000000F)
    .ARM.Collect$$libshutdown$$00000010      0x00000142   Section        2  libshutdown2.o(.ARM.Collect$$libshutdown$$00000010)
    .ARM.Collect$$rtentry$$00000000          0x00000144   Section        0  __rtentry.o(.ARM.Collect$$rtentry$$00000000)
    .ARM.Collect$$rtentry$$00000002          0x00000144   Section        0  __rtentry2.o(.ARM.Collect$$rtentry$$00000002)
    .ARM.Collect$$rtentry$$00000004          0x00000144   Section        6  __rtentry4.o(.ARM.Collect$$rtentry$$00000004)
    .ARM.Collect$$rtentry$$00000009          0x0000014a   Section        0  __rtentry2.o(.ARM.Collect$$rtentry$$00000009)
    .ARM.Collect$$rtentry$$0000000A          0x0000014a   Section        4  __rtentry2.o(.ARM.Collect$$rtentry$$0000000A)
    .ARM.Collect$$rtentry$$0000000C          0x0000014e   Section        0  __rtentry2.o(.ARM.Collect$$rtentry$$0000000C)
    .ARM.Collect$$rtentry$$0000000D          0x0000014e   Section        8  __rtentry2.o(.ARM.Collect$$rtentry$$0000000D)
    .ARM.Collect$$rtexit$$00000000           0x00000156   Section        2  rtexit.o(.ARM.Collect$$rtexit$$00000000)
    .ARM.Collect$$rtexit$$00000002           0x00000158   Section        0  rtexit2.o(.ARM.Collect$$rtexit$$00000002)
    .ARM.Collect$$rtexit$$00000003           0x00000158   Section        4  rtexit2.o(.ARM.Collect$$rtexit$$00000003)
    .ARM.Collect$$rtexit$$00000004           0x0000015c   Section        6  rtexit2.o(.ARM.Collect$$rtexit$$00000004)
    .text                                    0x00000164   Section       52  startup_lpc11xx.o(.text)
    .text                                    0x00000198   Section      346  aeabi_sdiv.o(.text)
    .text                                    0x000002f2   Section        0  heapauxi.o(.text)
    .text                                    0x000002f8   Section        2  use_no_semi.o(.text)
    .text                                    0x000002fa   Section        0  indicate_semi.o(.text)
    .ARM.__at_0x02FC                         0x000002fc   Section        4  startup_lpc11xx.o(.ARM.__at_0x02FC)
    .text                                    0x00000300   Section        8  libspace.o(.text)
    .text                                    0x00000308   Section       62  sys_stackheap_outer.o(.text)
    .text                                    0x00000346   Section        0  exit.o(.text)
    .text                                    0x00000358   Section        0  sys_exit.o(.text)
    i.ADC_Init                               0x00000364   Section        0  adc.o(i.ADC_Init)
    i.BreakInit                              0x000003d8   Section        0  key.o(i.BreakInit)
    i.Busy_Check                             0x00000424   Section        0  lcd.o(i.Busy_Check)
    i.Delayms                                0x0000048c   Section        0  lcd.o(i.Delayms)
    i.InitLCD                                0x000004cc   Section        0  lcd.o(i.InitLCD)
    i.KEYinit                                0x00000504   Section        0  key.o(i.KEYinit)
    i.LCD_DisplayStr                         0x00000524   Section        0  lcd.o(i.LCD_DisplayStr)
    i.LCD_IOInit                             0x00000588   Section        0  lcd.o(i.LCD_IOInit)
    i.LCD_WriteCommand                       0x000005c0   Section        0  lcd.o(i.LCD_WriteCommand)
    i.LCD_WriteData                          0x0000062c   Section        0  lcd.o(i.LCD_WriteData)
    i.SEGinit                                0x0000069c   Section        0  key.o(i.SEGinit)
    i.SysTick_Handler                        0x000006b4   Section        0  lcd.o(i.SysTick_Handler)
    i.SystemInit                             0x000006c4   Section        0  system_lpc11xx.o(i.SystemInit)
    i.UART_Init                              0x00000764   Section        0  send.o(i.UART_Init)
    i.UART_SendByte                          0x0000080c   Section        0  send.o(i.UART_SendByte)
    i.UART_SendStr                           0x00000824   Section        0  send.o(i.UART_SendStr)
    i.main                                   0x00000840   Section        0  main.o(i.main)
    .data                                    0x10000000   Section        4  lcd.o(.data)
    ticks                                    0x10000000   Data           4  lcd.o(.data)
    .data                                    0x10000004   Section        4  system_lpc11xx.o(.data)
    .bss                                     0x10000008   Section       40  calculation.o(.bss)
    .bss                                     0x10000030   Section       96  libspace.o(.bss)
    HEAP                                     0x10000090   Section        0  startup_lpc11xx.o(HEAP)
    STACK                                    0x10000090   Section      512  startup_lpc11xx.o(STACK)
    Heap_Mem                                 0x10000090   Data           0  startup_lpc11xx.o(HEAP)
    Stack_Mem                                0x10000090   Data         512  startup_lpc11xx.o(STACK)
    __initial_sp                             0x10000290   Data           0  startup_lpc11xx.o(STACK)

    Global Symbols

    Symbol Name                              Value     Ov Type        Size  Object(Section)

    BuildAttributes$$THM_ISAv3M$S$PE$A:L22$X:L11$S22$IEEE1$IW$USESV6$~STKCKD$USESV7$~SHL$OTIME$ROPI$IEEEJ$EBA8$UX$STANDARDLIB$REQ8$PRES8$EABIv2 0x00000000   Number         0  anon$$obj.o ABSOLUTE
    __ARM_use_no_argv                        0x00000000   Number         0  main.o ABSOLUTE
    __Vectors                                0x00000000   Data           4  startup_lpc11xx.o(RESET)
    _printf_flags                            0x00000000   Number         0  printf_stubs.o ABSOLUTE
    _printf_return_value                     0x00000000   Number         0  printf_stubs.o ABSOLUTE
    _printf_sizespec                         0x00000000   Number         0  printf_stubs.o ABSOLUTE
    _printf_widthprec                        0x00000000   Number         0  printf_stubs.o ABSOLUTE
    __ARM_exceptions_init                     - Undefined Weak Reference
    __alloca_initialize                       - Undefined Weak Reference
    __arm_preinit_                            - Undefined Weak Reference
    __cpp_initialize__aeabi_                  - Undefined Weak Reference
    __cxa_finalize                            - Undefined Weak Reference
    __sigvec_lookup                           - Undefined Weak Reference
    _atexit_init                              - Undefined Weak Reference
    _call_atexit_fns                          - Undefined Weak Reference
    _clock_init                               - Undefined Weak Reference
    _fp_trap_init                             - Undefined Weak Reference
    _fp_trap_shutdown                         - Undefined Weak Reference
    _get_lc_collate                           - Undefined Weak Reference
    _get_lc_ctype                             - Undefined Weak Reference
    _get_lc_monetary                          - Undefined Weak Reference
    _get_lc_time                              - Undefined Weak Reference
    _getenv_init                              - Undefined Weak Reference
    _handle_redirection                       - Undefined Weak Reference
    _init_alloc                               - Undefined Weak Reference
    _init_user_alloc                          - Undefined Weak Reference
    _initio                                   - Undefined Weak Reference
    _printf_post_padding                      - Undefined Weak Reference
    _printf_pre_padding                       - Undefined Weak Reference
    _rand_init                                - Undefined Weak Reference
    _signal_finish                            - Undefined Weak Reference
    _signal_init                              - Undefined Weak Reference
    _terminate_alloc                          - Undefined Weak Reference
    _terminate_user_alloc                     - Undefined Weak Reference
    _terminateio                              - Undefined Weak Reference
    __main                                   0x000000c1   Thumb Code     8  __main.o(!!!main)
    __scatterload                            0x000000c9   Thumb Code     0  __scatter.o(!!!scatter)
    __scatterload_rt2                        0x000000c9   Thumb Code    52  __scatter.o(!!!scatter)
    __scatterload_rt2_thumb_only             0x000000c9   Thumb Code     0  __scatter.o(!!!scatter)
    __scatterload_null                       0x000000d9   Thumb Code     0  __scatter.o(!!!scatter)
    __scatterload_copy                       0x00000105   Thumb Code    26  __scatter_copy.o(!!handler_copy)
    __scatterload_zeroinit                   0x00000121   Thumb Code    28  __scatter_zi.o(!!handler_zi)
    __rt_lib_init                            0x0000013d   Thumb Code     0  libinit.o(.ARM.Collect$$libinit$$00000000)
    __rt_lib_init_alloca_1                   0x0000013f   Thumb Code     0  libinit2.o(.ARM.Collect$$libinit$$0000002E)
    __rt_lib_init_argv_1                     0x0000013f   Thumb Code     0  libinit2.o(.ARM.Collect$$libinit$$0000002C)
    __rt_lib_init_atexit_1                   0x0000013f   Thumb Code     0  libinit2.o(.ARM.Collect$$libinit$$0000001B)
    __rt_lib_init_clock_1                    0x0000013f   Thumb Code     0  libinit2.o(.ARM.Collect$$libinit$$00000021)
    __rt_lib_init_cpp_1                      0x0000013f   Thumb Code     0  libinit2.o(.ARM.Collect$$libinit$$00000032)
    __rt_lib_init_exceptions_1               0x0000013f   Thumb Code     0  libinit2.o(.ARM.Collect$$libinit$$00000030)
    __rt_lib_init_fp_1                       0x0000013f   Thumb Code     0  libinit2.o(.ARM.Collect$$libinit$$00000002)
    __rt_lib_init_fp_trap_1                  0x0000013f   Thumb Code     0  libinit2.o(.ARM.Collect$$libinit$$0000001F)
    __rt_lib_init_getenv_1                   0x0000013f   Thumb Code     0  libinit2.o(.ARM.Collect$$libinit$$00000023)
    __rt_lib_init_heap_1                     0x0000013f   Thumb Code     0  libinit2.o(.ARM.Collect$$libinit$$0000000A)
    __rt_lib_init_lc_collate_1               0x0000013f   Thumb Code     0  libinit2.o(.ARM.Collect$$libinit$$00000011)
    __rt_lib_init_lc_ctype_1                 0x0000013f   Thumb Code     0  libinit2.o(.ARM.Collect$$libinit$$00000013)
    __rt_lib_init_lc_monetary_1              0x0000013f   Thumb Code     0  libinit2.o(.ARM.Collect$$libinit$$00000015)
    __rt_lib_init_lc_numeric_1               0x0000013f   Thumb Code     0  libinit2.o(.ARM.Collect$$libinit$$00000017)
    __rt_lib_init_lc_time_1                  0x0000013f   Thumb Code     0  libinit2.o(.ARM.Collect$$libinit$$00000019)
    __rt_lib_init_preinit_1                  0x0000013f   Thumb Code     0  libinit2.o(.ARM.Collect$$libinit$$00000004)
    __rt_lib_init_rand_1                     0x0000013f   Thumb Code     0  libinit2.o(.ARM.Collect$$libinit$$0000000E)
    __rt_lib_init_return                     0x0000013f   Thumb Code     0  libinit2.o(.ARM.Collect$$libinit$$00000033)
    __rt_lib_init_signal_1                   0x0000013f   Thumb Code     0  libinit2.o(.ARM.Collect$$libinit$$0000001D)
    __rt_lib_init_stdio_1                    0x0000013f   Thumb Code     0  libinit2.o(.ARM.Collect$$libinit$$00000025)
    __rt_lib_init_user_alloc_1               0x0000013f   Thumb Code     0  libinit2.o(.ARM.Collect$$libinit$$0000000C)
    __rt_lib_shutdown                        0x00000141   Thumb Code     0  libshutdown.o(.ARM.Collect$$libshutdown$$00000000)
    __rt_lib_shutdown_cpp_1                  0x00000143   Thumb Code     0  libshutdown2.o(.ARM.Collect$$libshutdown$$00000002)
    __rt_lib_shutdown_fp_trap_1              0x00000143   Thumb Code     0  libshutdown2.o(.ARM.Collect$$libshutdown$$00000007)
    __rt_lib_shutdown_heap_1                 0x00000143   Thumb Code     0  libshutdown2.o(.ARM.Collect$$libshutdown$$0000000F)
    __rt_lib_shutdown_return                 0x00000143   Thumb Code     0  libshutdown2.o(.ARM.Collect$$libshutdown$$00000010)
    __rt_lib_shutdown_signal_1               0x00000143   Thumb Code     0  libshutdown2.o(.ARM.Collect$$libshutdown$$0000000A)
    __rt_lib_shutdown_stdio_1                0x00000143   Thumb Code     0  libshutdown2.o(.ARM.Collect$$libshutdown$$00000004)
    __rt_lib_shutdown_user_alloc_1           0x00000143   Thumb Code     0  libshutdown2.o(.ARM.Collect$$libshutdown$$0000000C)
    __rt_entry                               0x00000145   Thumb Code     0  __rtentry.o(.ARM.Collect$$rtentry$$00000000)
    __rt_entry_presh_1                       0x00000145   Thumb Code     0  __rtentry2.o(.ARM.Collect$$rtentry$$00000002)
    __rt_entry_sh                            0x00000145   Thumb Code     0  __rtentry4.o(.ARM.Collect$$rtentry$$00000004)
    __rt_entry_li                            0x0000014b   Thumb Code     0  __rtentry2.o(.ARM.Collect$$rtentry$$0000000A)
    __rt_entry_postsh_1                      0x0000014b   Thumb Code     0  __rtentry2.o(.ARM.Collect$$rtentry$$00000009)
    __rt_entry_main                          0x0000014f   Thumb Code     0  __rtentry2.o(.ARM.Collect$$rtentry$$0000000D)
    __rt_entry_postli_1                      0x0000014f   Thumb Code     0  __rtentry2.o(.ARM.Collect$$rtentry$$0000000C)
    __rt_exit                                0x00000157   Thumb Code     0  rtexit.o(.ARM.Collect$$rtexit$$00000000)
    __rt_exit_ls                             0x00000159   Thumb Code     0  rtexit2.o(.ARM.Collect$$rtexit$$00000003)
    __rt_exit_prels_1                        0x00000159   Thumb Code     0  rtexit2.o(.ARM.Collect$$rtexit$$00000002)
    __rt_exit_exit                           0x0000015d   Thumb Code     0  rtexit2.o(.ARM.Collect$$rtexit$$00000004)
    Reset_Handler                            0x00000165   Thumb Code     8  startup_lpc11xx.o(.text)
    NMI_Handler                              0x0000016d   Thumb Code     2  startup_lpc11xx.o(.text)
    HardFault_Handler                        0x0000016f   Thumb Code     2  startup_lpc11xx.o(.text)
    SVC_Handler                              0x00000171   Thumb Code     2  startup_lpc11xx.o(.text)
    PendSV_Handler                           0x00000173   Thumb Code     2  startup_lpc11xx.o(.text)
    ADC_IRQHandler                           0x00000177   Thumb Code     0  startup_lpc11xx.o(.text)
    BOD_IRQHandler                           0x00000177   Thumb Code     0  startup_lpc11xx.o(.text)
    CAN_IRQHandler                           0x00000177   Thumb Code     0  startup_lpc11xx.o(.text)
    FMC_IRQHandler                           0x00000177   Thumb Code     0  startup_lpc11xx.o(.text)
    I2C_IRQHandler                           0x00000177   Thumb Code     0  startup_lpc11xx.o(.text)
    PIOINT0_IRQHandler                       0x00000177   Thumb Code     0  startup_lpc11xx.o(.text)
    PIOINT1_IRQHandler                       0x00000177   Thumb Code     0  startup_lpc11xx.o(.text)
    PIOINT2_IRQHandler                       0x00000177   Thumb Code     0  startup_lpc11xx.o(.text)
    PIOINT3_IRQHandler                       0x00000177   Thumb Code     0  startup_lpc11xx.o(.text)
    SSP0_IRQHandler                          0x00000177   Thumb Code     0  startup_lpc11xx.o(.text)
    SSP1_IRQHandler                          0x00000177   Thumb Code     0  startup_lpc11xx.o(.text)
    TIMER16_0_IRQHandler                     0x00000177   Thumb Code     0  startup_lpc11xx.o(.text)
    TIMER16_1_IRQHandler                     0x00000177   Thumb Code     0  startup_lpc11xx.o(.text)
    TIMER32_0_IRQHandler                     0x00000177   Thumb Code     0  startup_lpc11xx.o(.text)
    TIMER32_1_IRQHandler                     0x00000177   Thumb Code     0  startup_lpc11xx.o(.text)
    UART_IRQHandler                          0x00000177   Thumb Code     0  startup_lpc11xx.o(.text)
    USB_FIQHandler                           0x00000177   Thumb Code     0  startup_lpc11xx.o(.text)
    USB_IRQHandler                           0x00000177   Thumb Code     0  startup_lpc11xx.o(.text)
    WAKEUP_IRQHandler                        0x00000177   Thumb Code     0  startup_lpc11xx.o(.text)
    WDT_IRQHandler                           0x00000177   Thumb Code     0  startup_lpc11xx.o(.text)
    __user_initial_stackheap                 0x00000179   Thumb Code     0  startup_lpc11xx.o(.text)
    __aeabi_uidiv                            0x00000199   Thumb Code     0  aeabi_sdiv.o(.text)
    __aeabi_uidivmod                         0x00000199   Thumb Code    20  aeabi_sdiv.o(.text)
    __aeabi_idiv                             0x000001ad   Thumb Code     0  aeabi_sdiv.o(.text)
    __aeabi_idivmod                          0x000001ad   Thumb Code   326  aeabi_sdiv.o(.text)
    __use_two_region_memory                  0x000002f3   Thumb Code     2  heapauxi.o(.text)
    __rt_heap_escrow$2region                 0x000002f5   Thumb Code     2  heapauxi.o(.text)
    __rt_heap_expand$2region                 0x000002f7   Thumb Code     2  heapauxi.o(.text)
    __I$use$semihosting                      0x000002f9   Thumb Code     0  use_no_semi.o(.text)
    __use_no_semihosting_swi                 0x000002f9   Thumb Code     2  use_no_semi.o(.text)
    __semihosting_library_function           0x000002fb   Thumb Code     0  indicate_semi.o(.text)
    __user_libspace                          0x00000301   Thumb Code     8  libspace.o(.text)
    __user_perproc_libspace                  0x00000301   Thumb Code     0  libspace.o(.text)
    __user_perthread_libspace                0x00000301   Thumb Code     0  libspace.o(.text)
    __user_setup_stackheap                   0x00000309   Thumb Code    62  sys_stackheap_outer.o(.text)
    exit                                     0x00000347   Thumb Code    16  exit.o(.text)
    _sys_exit                                0x00000359   Thumb Code     8  sys_exit.o(.text)
    ADC_Init                                 0x00000365   Thumb Code    90  adc.o(i.ADC_Init)
    BreakInit                                0x000003d9   Thumb Code    70  key.o(i.BreakInit)
    Busy_Check                               0x00000425   Thumb Code    96  lcd.o(i.Busy_Check)
    Delayms                                  0x0000048d   Thumb Code    50  lcd.o(i.Delayms)
    InitLCD                                  0x000004cd   Thumb Code    56  lcd.o(i.InitLCD)
    KEYinit                                  0x00000505   Thumb Code    26  key.o(i.KEYinit)
    LCD_DisplayStr                           0x00000525   Thumb Code    94  lcd.o(i.LCD_DisplayStr)
    LCD_IOInit                               0x00000589   Thumb Code    38  lcd.o(i.LCD_IOInit)
    LCD_WriteCommand                         0x000005c1   Thumb Code   104  lcd.o(i.LCD_WriteCommand)
    LCD_WriteData                            0x0000062d   Thumb Code   106  lcd.o(i.LCD_WriteData)
    SEGinit                                  0x0000069d   Thumb Code    14  key.o(i.SEGinit)
    SysTick_Handler                          0x000006b5   Thumb Code    12  lcd.o(i.SysTick_Handler)
    SystemInit                               0x000006c5   Thumb Code   150  system_lpc11xx.o(i.SystemInit)
    UART_Init                                0x00000765   Thumb Code   152  send.o(i.UART_Init)
    UART_SendByte                            0x0000080d   Thumb Code    20  send.o(i.UART_SendByte)
    UART_SendStr                             0x00000825   Thumb Code    28  send.o(i.UART_SendStr)
    main                                     0x00000841   Thumb Code    44  main.o(i.main)
    Region$$Table$$Base                      0x00000870   Number         0  anon$$obj.o(Region$$Table)
    Region$$Table$$Limit                     0x00000890   Number         0  anon$$obj.o(Region$$Table)
    SystemCoreClock                          0x10000004   Data           4  system_lpc11xx.o(.data)
    mea                                      0x10000008   Data          20  calculation.o(.bss)
    sendpc                                   0x1000001c   Data          20  calculation.o(.bss)
    __libspace_start                         0x10000030   Data          96  libspace.o(.bss)
    __temporary_stack_top$libspace           0x10000090   Data           0  libspace.o(.bss)



==============================================================================

Memory Map of the image

  Image Entry point : 0x000000c1

  Load Region LR_IROM1 (Base: 0x00000000, Size: 0x00000898, Max: 0x00008000, ABSOLUTE)

    Execution Region ER_IROM1 (Base: 0x00000000, Size: 0x00000890, Max: 0x00008000, ABSOLUTE)

    Base Addr    Size         Type   Attr      Idx    E Section Name        Object

    0x00000000   0x000000c0   Data   RO          262    RESET               startup_lpc11xx.o
    0x000000c0   0x00000008   Code   RO          340  * !!!main             c_p.l(__main.o)
    0x000000c8   0x0000003c   Code   RO          556    !!!scatter          c_p.l(__scatter.o)
    0x00000104   0x0000001a   Code   RO          558    !!handler_copy      c_p.l(__scatter_copy.o)
    0x0000011e   0x00000002   PAD
    0x00000120   0x0000001c   Code   RO          560    !!handler_zi        c_p.l(__scatter_zi.o)
    0x0000013c   0x00000002   Code   RO          428    .ARM.Collect$$libinit$$00000000  c_p.l(libinit.o)
    0x0000013e   0x00000000   Code   RO          430    .ARM.Collect$$libinit$$00000002  c_p.l(libinit2.o)
    0x0000013e   0x00000000   Code   RO          432    .ARM.Collect$$libinit$$00000004  c_p.l(libinit2.o)
    0x0000013e   0x00000000   Code   RO          435    .ARM.Collect$$libinit$$0000000A  c_p.l(libinit2.o)
    0x0000013e   0x00000000   Code   RO          437    .ARM.Collect$$libinit$$0000000C  c_p.l(libinit2.o)
    0x0000013e   0x00000000   Code   RO          439    .ARM.Collect$$libinit$$0000000E  c_p.l(libinit2.o)
    0x0000013e   0x00000000   Code   RO          442    .ARM.Collect$$libinit$$00000011  c_p.l(libinit2.o)
    0x0000013e   0x00000000   Code   RO          444    .ARM.Collect$$libinit$$00000013  c_p.l(libinit2.o)
    0x0000013e   0x00000000   Code   RO          446    .ARM.Collect$$libinit$$00000015  c_p.l(libinit2.o)
    0x0000013e   0x00000000   Code   RO          448    .ARM.Collect$$libinit$$00000017  c_p.l(libinit2.o)
    0x0000013e   0x00000000   Code   RO          450    .ARM.Collect$$libinit$$00000019  c_p.l(libinit2.o)
    0x0000013e   0x00000000   Code   RO          452    .ARM.Collect$$libinit$$0000001B  c_p.l(libinit2.o)
    0x0000013e   0x00000000   Code   RO          454    .ARM.Collect$$libinit$$0000001D  c_p.l(libinit2.o)
    0x0000013e   0x00000000   Code   RO          456    .ARM.Collect$$libinit$$0000001F  c_p.l(libinit2.o)
    0x0000013e   0x00000000   Code   RO          458    .ARM.Collect$$libinit$$00000021  c_p.l(libinit2.o)
    0x0000013e   0x00000000   Code   RO          460    .ARM.Collect$$libinit$$00000023  c_p.l(libinit2.o)
    0x0000013e   0x00000000   Code   RO          462    .ARM.Collect$$libinit$$00000025  c_p.l(libinit2.o)
    0x0000013e   0x00000000   Code   RO          466    .ARM.Collect$$libinit$$0000002C  c_p.l(libinit2.o)
    0x0000013e   0x00000000   Code   RO          468    .ARM.Collect$$libinit$$0000002E  c_p.l(libinit2.o)
    0x0000013e   0x00000000   Code   RO          470    .ARM.Collect$$libinit$$00000030  c_p.l(libinit2.o)
    0x0000013e   0x00000000   Code   RO          472    .ARM.Collect$$libinit$$00000032  c_p.l(libinit2.o)
    0x0000013e   0x00000002   Code   RO          473    .ARM.Collect$$libinit$$00000033  c_p.l(libinit2.o)
    0x00000140   0x00000002   Code   RO          521    .ARM.Collect$$libshutdown$$00000000  c_p.l(libshutdown.o)
    0x00000142   0x00000000   Code   RO          539    .ARM.Collect$$libshutdown$$00000002  c_p.l(libshutdown2.o)
    0x00000142   0x00000000   Code   RO          541    .ARM.Collect$$libshutdown$$00000004  c_p.l(libshutdown2.o)
    0x00000142   0x00000000   Code   RO          544    .ARM.Collect$$libshutdown$$00000007  c_p.l(libshutdown2.o)
    0x00000142   0x00000000   Code   RO          547    .ARM.Collect$$libshutdown$$0000000A  c_p.l(libshutdown2.o)
    0x00000142   0x00000000   Code   RO          549    .ARM.Collect$$libshutdown$$0000000C  c_p.l(libshutdown2.o)
    0x00000142   0x00000000   Code   RO          552    .ARM.Collect$$libshutdown$$0000000F  c_p.l(libshutdown2.o)
    0x00000142   0x00000002   Code   RO          553    .ARM.Collect$$libshutdown$$00000010  c_p.l(libshutdown2.o)
    0x00000144   0x00000000   Code   RO          352    .ARM.Collect$$rtentry$$00000000  c_p.l(__rtentry.o)
    0x00000144   0x00000000   Code   RO          366    .ARM.Collect$$rtentry$$00000002  c_p.l(__rtentry2.o)
    0x00000144   0x00000006   Code   RO          378    .ARM.Collect$$rtentry$$00000004  c_p.l(__rtentry4.o)
    0x0000014a   0x00000000   Code   RO          368    .ARM.Collect$$rtentry$$00000009  c_p.l(__rtentry2.o)
    0x0000014a   0x00000004   Code   RO          369    .ARM.Collect$$rtentry$$0000000A  c_p.l(__rtentry2.o)
    0x0000014e   0x00000000   Code   RO          371    .ARM.Collect$$rtentry$$0000000C  c_p.l(__rtentry2.o)
    0x0000014e   0x00000008   Code   RO          372    .ARM.Collect$$rtentry$$0000000D  c_p.l(__rtentry2.o)
    0x00000156   0x00000002   Code   RO          475    .ARM.Collect$$rtexit$$00000000  c_p.l(rtexit.o)
    0x00000158   0x00000000   Code   RO          490    .ARM.Collect$$rtexit$$00000002  c_p.l(rtexit2.o)
    0x00000158   0x00000004   Code   RO          491    .ARM.Collect$$rtexit$$00000003  c_p.l(rtexit2.o)
    0x0000015c   0x00000006   Code   RO          492    .ARM.Collect$$rtexit$$00000004  c_p.l(rtexit2.o)
    0x00000162   0x00000002   PAD
    0x00000164   0x00000034   Code   RO          264    .text               startup_lpc11xx.o
    0x00000198   0x0000015a   Code   RO          334    .text               c_p.l(aeabi_sdiv.o)
    0x000002f2   0x00000006   Code   RO          338    .text               c_p.l(heapauxi.o)
    0x000002f8   0x00000002   Code   RO          508    .text               c_p.l(use_no_semi.o)
    0x000002fa   0x00000000   Code   RO          510    .text               c_p.l(indicate_semi.o)
    0x000002fa   0x00000002   PAD
    0x000002fc   0x00000004   Code   RO          263    .ARM.__at_0x02FC    startup_lpc11xx.o
    0x00000300   0x00000008   Code   RO          409    .text               c_p.l(libspace.o)
    0x00000308   0x0000003e   Code   RO          412    .text               c_p.l(sys_stackheap_outer.o)
    0x00000346   0x00000010   Code   RO          415    .text               c_p.l(exit.o)
    0x00000356   0x00000002   PAD
    0x00000358   0x0000000c   Code   RO          487    .text               c_p.l(sys_exit.o)
    0x00000364   0x00000074   Code   RO           61    i.ADC_Init          adc.o
    0x000003d8   0x0000004c   Code   RO          148    i.BreakInit         key.o
    0x00000424   0x00000068   Code   RO          189    i.Busy_Check        lcd.o
    0x0000048c   0x00000040   Code   RO          190    i.Delayms           lcd.o
    0x000004cc   0x00000038   Code   RO          191    i.InitLCD           lcd.o
    0x00000504   0x00000020   Code   RO          149    i.KEYinit           key.o
    0x00000524   0x00000064   Code   RO          193    i.LCD_DisplayStr    lcd.o
    0x00000588   0x00000038   Code   RO          194    i.LCD_IOInit        lcd.o
    0x000005c0   0x0000006c   Code   RO          195    i.LCD_WriteCommand  lcd.o
    0x0000062c   0x00000070   Code   RO          196    i.LCD_WriteData     lcd.o
    0x0000069c   0x00000018   Code   RO          151    i.SEGinit           key.o
    0x000006b4   0x00000010   Code   RO          197    i.SysTick_Handler   lcd.o
    0x000006c4   0x000000a0   Code   RO          273    i.SystemInit        system_lpc11xx.o
    0x00000764   0x000000a8   Code   RO           82    i.UART_Init         send.o
    0x0000080c   0x00000018   Code   RO           83    i.UART_SendByte     send.o
    0x00000824   0x0000001c   Code   RO           84    i.UART_SendStr      send.o
    0x00000840   0x00000030   Code   RO            3    i.main              main.o
    0x00000870   0x00000020   Data   RO          554    Region$$Table       anon$$obj.o


    Execution Region RW_IRAM1 (Base: 0x10000000, Size: 0x00000290, Max: 0x00002000, ABSOLUTE)

    Base Addr    Size         Type   Attr      Idx    E Section Name        Object

    0x10000000   0x00000004   Data   RW          198    .data               lcd.o
    0x10000004   0x00000004   Data   RW          274    .data               system_lpc11xx.o
    0x10000008   0x00000028   Zero   RW          120    .bss                calculation.o
    0x10000030   0x00000060   Zero   RW          410    .bss                c_p.l(libspace.o)
    0x10000090   0x00000000   Zero   RW          261    HEAP                startup_lpc11xx.o
    0x10000090   0x00000200   Zero   RW          260    STACK               startup_lpc11xx.o


==============================================================================

Image component sizes


      Code (inc. data)   RO Data    RW Data    ZI Data      Debug   Object Name

       116         26          0          0          0        419   adc.o
         0          0          0          0         40        803   calculation.o
       132         22          0          0          0       1152   key.o
       616         60          0          4          0       4824   lcd.o
        48          4          0          0          0       5027   main.o
       220         20          0          0          0       1391   send.o
        56         26        192          0        512        872   startup_lpc11xx.o
       160         10          0          4          0       1963   system_lpc11xx.o

    ----------------------------------------------------------------------
      1348        168        224          8        552      16451   Object Totals
         0          0         32          0          0          0   (incl. Generated)
         0          0          0          0          0          0   (incl. Padding)

    ----------------------------------------------------------------------

      Code (inc. data)   RO Data    RW Data    ZI Data      Debug   Library Member Name

         8          0          0          0          0         68   __main.o
         0          0          0          0          0          0   __rtentry.o
        12          0          0          0          0          0   __rtentry2.o
         6          0          0          0          0          0   __rtentry4.o
        60          8          0          0          0          0   __scatter.o
        26          0          0          0          0          0   __scatter_copy.o
        28          0          0          0          0          0   __scatter_zi.o
       346          0          0          0          0         92   aeabi_sdiv.o
        16          0          0          0          0         68   exit.o
         6          0          0          0          0        136   heapauxi.o
         0          0          0          0          0          0   indicate_semi.o
         2          0          0          0          0          0   libinit.o
         2          0          0          0          0          0   libinit2.o
         2          0          0          0          0          0   libshutdown.o
         2          0          0          0          0          0   libshutdown2.o
         8          4          0          0         96         68   libspace.o
         2          0          0          0          0          0   rtexit.o
        10          0          0          0          0          0   rtexit2.o
        12          4          0          0          0         60   sys_exit.o
        62          0          0          0          0         80   sys_stackheap_outer.o
         2          0          0          0          0         68   use_no_semi.o

    ----------------------------------------------------------------------
       620         16          0          0         96        640   Library Totals
         8          0          0          0          0          0   (incl. Padding)

    ----------------------------------------------------------------------

      Code (inc. data)   RO Data    RW Data    ZI Data      Debug   Library Name

       612         16          0          0         96        640   c_p.l

    ----------------------------------------------------------------------
       620         16          0          0         96        640   Library Totals

    ----------------------------------------------------------------------

==============================================================================


      Code (inc. data)   RO Data    RW Data    ZI Data      Debug   

      1968        184        224          8        648      16331   Grand Totals
      1968        184        224          8        648      16331   ELF Image Totals
      1968        184        224          8          0          0   ROM Totals

==============================================================================

    Total RO  Size (Code + RO Data)                 2192 (   2.14kB)
    Total RW  Size (RW Data + ZI Data)               656 (   0.64kB)
    Total ROM Size (Code + RO Data + RW Data)       2200 (   2.15kB)

==============================================================================

