<html>
<body>
<pre>
<h1>µVision Build Log</h1>
<h2>Tool Versions:</h2>
IDE-Version: ¦ÌVision V5.20.0.0
Copyright (C) 2016 ARM Ltd and ARM Germany GmbH. All rights reserved.
License Information: q q, q, LIC=VGX2Z-JGI8H-4SFY4-FW7P7-UVXY2-IT1LN
 
Tool Versions:
Toolchain:       MDK-ARM Plus  Version: 5.20
Toolchain Path:  C:\Users\leovo\Desktop\study\danpianji\ARM\ARMCC\Bin
C Compiler:      Armcc.exe V5.06 update 2 (build 183)
Assembler:       Armasm.exe V5.06 update 2 (build 183)
Linker/Locator:  ArmLink.exe V5.06 update 2 (build 183)
Library Manager: ArmAr.exe V5.06 update 2 (build 183)
Hex Converter:   FromElf.exe V5.06 update 2 (build 183)
CPU DLL:         SARMCM3.DLL V5.20
Dialog DLL:      DARMCM1.DLL V1.14.0.0
Target DLL:      Segger\JL2CM3.dll V2.99.20.0
Dialog DLL:      TARMCM1.DLL V1.10.0.0
 
<h2>Project:</h2>
C:\Users\leovo\Desktop\study\danpianji\project\out\project.uvprojx
Project File Date:  06/08/2017

<h2>Output:</h2>
*** Using Compiler 'V5.06 update 2 (build 183)', folder: 'C:\Users\leovo\Desktop\study\danpianji\ARM\ARMCC\Bin'
Rebuild target 'final project'
assembling startup_LPC11xx.s...
compiling ADC.c...
..\src\ADC.c(24): warning:  #1-D: last line of file ends without a newline
  	
..\src\ADC.c: 1 warning, 0 errors
compiling key.c...
..\src\send.h(11): warning:  #1-D: last line of file ends without a newline
  void delay(void);
..\src\key.h(8): warning:  #1295-D: Deprecated declaration SEGinit - give arg types
  void SEGinit();
..\src\key.h(9): warning:  #1295-D: Deprecated declaration KEYinit - give arg types
  void KEYinit();
..\src\key.h(10): warning:  #1295-D: Deprecated declaration BreakInit - give arg types
  void BreakInit();
..\src\key.h(11): warning:  #1295-D: Deprecated declaration PIONT1_TRQHandler - give arg types
  void PIONT1_TRQHandler();
..\src\key.c(56): warning:  #1-D: last line of file ends without a newline
  }
..\src\key.c: 6 warnings, 0 errors
compiling main.c...
..\src\send.h(11): warning:  #1-D: last line of file ends without a newline
  void delay(void);
..\src\Calculation.h(8): warning:  #1-D: last line of file ends without a newline
  void measure();
..\src\Calculation.h(8): warning:  #1295-D: Deprecated declaration measure - give arg types
  void measure();
..\src\LCD.h(10): warning:  #1295-D: Deprecated declaration Busy_Check - give arg types
  uint8_t Busy_Check();
..\src\LCD.h(16): warning:  #1-D: last line of file ends without a newline
  void InitLCD();
..\src\LCD.h(16): warning:  #1295-D: Deprecated declaration InitLCD - give arg types
  void InitLCD();
..\src\key.h(8): warning:  #1295-D: Deprecated declaration SEGinit - give arg types
  void SEGinit();
..\src\key.h(9): warning:  #1295-D: Deprecated declaration KEYinit - give arg types
  void KEYinit();
..\src\key.h(10): warning:  #1295-D: Deprecated declaration BreakInit - give arg types
  void BreakInit();
..\src\key.h(11): warning:  #1295-D: Deprecated declaration PIONT1_TRQHandler - give arg types
  void PIONT1_TRQHandler();
..\src\main.c(27): warning:  #167-D: argument of type "char *" is incompatible with parameter of type "uint8_t *"
  		  LCD_DisplayStr(0,0, mea);
..\src\main.c(30): warning:  #1-D: last line of file ends without a newline
  }
..\src\main.c: 12 warnings, 0 errors
compiling LCD.c...
compiling Calculation.c...
..\src\send.h(11): warning:  #1-D: last line of file ends without a newline
  void delay(void);
..\src\Calculation.c(63): warning:  #186-D: pointless comparison of unsigned integer with zero
  		if(counter>=0)
..\src\Calculation.c(64): warning:  #181-D: argument is incompatible with corresponding format string conversion
  			sprintf (mea,"NOW=%.2f'C",T,counter);
..\src\Calculation.c(64): warning:  #225-D: the format string ends before this argument
  			sprintf (mea,"NOW=%.2f'C",T,counter);
..\src\Calculation.c(66): warning:  #181-D: argument is incompatible with corresponding format string conversion
  			sprintf (mea,"NOW=%.2f'F",F,counter);
..\src\Calculation.c(66): warning:  #225-D: the format string ends before this argument
  			sprintf (mea,"NOW=%.2f'F",F,counter);
..\src\Calculation.c(68): warning:  #181-D: argument is incompatible with corresponding format string conversion
  		sprintf(sendpc ,"NOW=%fMV\r\n",res);
..\src\Calculation.c(73): warning:  #1-D: last line of file ends without a newline
  	}
..\src\Calculation.c: 8 warnings, 0 errors
compiling system_LPC11xx.c...
compiling send.c...
..\src\send.c(47): warning:  #1-D: last line of file ends without a newline
  }	
..\src\send.c: 1 warning, 0 errors
linking...
Program Size: Code=1968 RO-data=224 RW-data=8 ZI-data=648  
".\Objects\project.axf" - 0 Error(s), 28 Warning(s).

<h2>Software Packages used:</h2>

Package Vendor: ARM
                http://www.keil.com/pack/ARM.CMSIS.5.0.0-Beta12.pack
                ARM::CMSIS:CORE:5.0.0
                CMSIS (Cortex Microcontroller Software Interface Standard)
   * Component: CORE Version: 5.0.0

Package Vendor: Keil
                http://www.keil.com/pack/Keil.LPC1100_DFP.1.4.0.pack
                Keil::Device:Startup:1.0.0
                NXP LPC1100 Series Device Support
   * Component: Startup Version: 1.0.0

<h2>Collection of Component include folders:</h2>
  C:\Users\leovo\Desktop\study\danpianji\project\out\RTE
  C:\Users\leovo\Desktop\study\danpianji\ARM\CMSIS\5.0.0-Beta12\CMSIS\Include
  C:\Users\leovo\Desktop\study\danpianji\Keil\LPC1100_DFP\1.4.0\Device\Include\LPC11xx

<h2>Collection of Component Files used:</h2>

   * Component: ARM::CMSIS:CORE:5.0.0

   * Component: Keil::Device:Startup:1.0.0
      Source file:   Device\Source\ARM\startup_LPC11xx.s
      Source file:   Device\Source\system_LPC11xx.c
Build Time Elapsed:  00:00:01
</pre>
</body>
</html>
