<html>
<body>
<pre>
<h1>µVision Build Log</h1>
<h2>Tool Versions:</h2>
IDE-Version: ¦ÌVision V5.20.0.0
Copyright (C) 2016 ARM Ltd and ARM Germany GmbH. All rights reserved.
License Information: q q, q, LIC=VGX2Z-JGI8H-4SFY4-FW7P7-UVXY2-IT1LN
 
Tool Versions:
Toolchain:       MDK-ARM Plus  Version: 5.20
Toolchain Path:  C:\Users\leovo\Desktop\study\danpianji\ARM\ARMCC\Bin
C Compiler:      Armcc.exe V5.06 update 2 (build 183)
Assembler:       Armasm.exe V5.06 update 2 (build 183)
Linker/Locator:  ArmLink.exe V5.06 update 2 (build 183)
Library Manager: ArmAr.exe V5.06 update 2 (build 183)
Hex Converter:   FromElf.exe V5.06 update 2 (build 183)
CPU DLL:         SARMCM3.DLL V5.20
Dialog DLL:      DARMCM1.DLL V1.14.0.0
Target DLL:      Segger\JL2CM3.dll V2.99.20.0
Dialog DLL:      TARMCM1.DLL V1.10.0.0
 
<h2>Project:</h2>
C:\Users\leovo\Desktop\study\danpianji\project\out\project.uvprojx
Project File Date:  06/11/2017

<h2>Output:</h2>
*** Using Compiler 'V5.06 update 2 (build 183)', folder: 'C:\Users\leovo\Desktop\study\danpianji\ARM\ARMCC\Bin'
Rebuild target 'final project'
assembling startup_LPC11xx.s...
compiling main.c...
..\src\Calculation.h(2): warning:  #1295-D: Deprecated declaration measure - give arg types
  void measure();
..\src\LCD.h(4): warning:  #1295-D: Deprecated declaration Busy_Check - give arg types
  uint8_t Busy_Check();
..\src\LCD.h(10): warning:  #1295-D: Deprecated declaration InitLCD - give arg types
  void InitLCD();
..\src\key.h(2): warning:  #1295-D: Deprecated declaration BreakInit - give arg types
  void BreakInit();
..\src\key.h(3): warning:  #1295-D: Deprecated declaration SEGinit - give arg types
  void SEGinit();
..\src\key.h(4): warning:  #1295-D: Deprecated declaration PIOINT3_IRQHandler - give arg types
  void PIOINT3_IRQHandler();
..\src\main.c(29): warning:  #167-D: argument of type "char *" is incompatible with parameter of type "uint8_t *"
  		LCD_DisplayStr(0,1, mea);
..\src\main.c(34): warning:  #1-D: last line of file ends without a newline
  }
..\src\main.c: 8 warnings, 0 errors
compiling LCD.c...
..\src\LCD.h(4): warning:  #1295-D: Deprecated declaration Busy_Check - give arg types
  uint8_t Busy_Check();
..\src\LCD.h(10): warning:  #1295-D: Deprecated declaration InitLCD - give arg types
  void InitLCD();
..\src\LCD.c: 2 warnings, 0 errors
compiling key.c...
..\src\key.h(2): warning:  #1295-D: Deprecated declaration BreakInit - give arg types
  void BreakInit();
..\src\key.h(3): warning:  #1295-D: Deprecated declaration SEGinit - give arg types
  void SEGinit();
..\src\key.h(4): warning:  #1295-D: Deprecated declaration PIOINT3_IRQHandler - give arg types
  void PIOINT3_IRQHandler();
..\src\LCD.h(4): warning:  #1295-D: Deprecated declaration Busy_Check - give arg types
  uint8_t Busy_Check();
..\src\LCD.h(10): warning:  #1295-D: Deprecated declaration InitLCD - give arg types
  void InitLCD();
..\src\key.c(55): warning:  #1-D: last line of file ends without a newline
  }
..\src\key.c: 6 warnings, 0 errors
compiling send.c...
..\src\send.c(49): warning:  #1-D: last line of file ends without a newline
  }	
..\src\send.c: 1 warning, 0 errors
compiling ADC.c...
..\src\ADC.c(24): warning:  #1-D: last line of file ends without a newline
  	
..\src\ADC.c: 1 warning, 0 errors
compiling Calculation.c...
..\src\calculation.h(2): warning:  #1295-D: Deprecated declaration measure - give arg types
  void measure();
..\src\Calculation.c(64): warning:  #1-D: last line of file ends without a newline
  	
..\src\Calculation.c: 2 warnings, 0 errors
compiling system_LPC11xx.c...
linking...
Program Size: Code=5224 RO-data=224 RW-data=20 ZI-data=652  
".\Objects\project.axf" - 0 Error(s), 20 Warning(s).

<h2>Software Packages used:</h2>

Package Vendor: ARM
                http://www.keil.com/pack/ARM.CMSIS.5.0.0-Beta12.pack
                ARM::CMSIS:CORE:5.0.0
                CMSIS (Cortex Microcontroller Software Interface Standard)
   * Component: CORE Version: 5.0.0

Package Vendor: Keil
                http://www.keil.com/pack/Keil.LPC1100_DFP.1.4.0.pack
                Keil::Device:Startup:1.0.0
                NXP LPC1100 Series Device Support
   * Component: Startup Version: 1.0.0

<h2>Collection of Component include folders:</h2>
  C:\Users\leovo\Desktop\study\danpianji\project\out\RTE
  C:\Users\leovo\Desktop\study\danpianji\ARM\CMSIS\5.0.0-Beta12\CMSIS\Include
  C:\Users\leovo\Desktop\study\danpianji\Keil\LPC1100_DFP\1.4.0\Device\Include\LPC11xx

<h2>Collection of Component Files used:</h2>

   * Component: ARM::CMSIS:CORE:5.0.0

   * Component: Keil::Device:Startup:1.0.0
      Source file:   Device\Source\system_LPC11xx.c
      Source file:   Device\Source\ARM\startup_LPC11xx.s
Build Time Elapsed:  00:00:01
</pre>
</body>
</html>
